Update at Tue Feb 24 08:06:09 UTC 2026
Update at Tue Feb 24 08:06:18 UTC 2026

───────────────────────────────────────
📅 2026-02-24 03:24 PM IST
💬 You don't have to be great to start, but you have to start to be great. – Zig Ziglar

───────────────────────────────────────
📅 2026-02-24 03:39 PM IST
💬 Any fool can write code that a computer can understand. Good programmers write code that humans can understand. – Martin Fowler

───────────────────────────────────────
📅 2026-02-24 03:49 PM IST
💬 Code is like humor. When you have to explain it, it's bad. – Cory House

───────────────────────────────────────
📅 2026-02-24 07:51 PM IST
💬 Strive not to be a success, but rather to be of value. – Albert Einstein

───────────────────────────────────────
📅 2026-02-25 10:44 AM IST
💬 Do something today that your future self will thank you for.

───────────────────────────────────────
📅 2026-02-25 07:49 PM IST
💬 The best error message is the one that never shows up. – Thomas Fuchs

───────────────────────────────────────
📅 2026-02-26 10:38 AM IST
💬 Every expert was once a beginner.

───────────────────────────────────────
📅 2026-02-26 07:50 PM IST
💬 To live a creative life, we must lose our fear of being wrong. – Joseph Chilton Pearce

───────────────────────────────────────
📅 2026-02-27 10:30 AM IST
💬 Perfection is achieved not when there is nothing more to add, but when there is nothing left to take away. – Antoine de Saint-Exupéry

───────────────────────────────────────
📅 2026-02-27 07:40 PM IST
💬 The secret of getting ahead is getting started. – Mark Twain

───────────────────────────────────────
📅 2026-02-28 10:09 AM IST
💬 Act as if what you do makes a difference. It does. – William James

───────────────────────────────────────
📅 2026-02-28 07:20 PM IST
💬 Little things make big days.

───────────────────────────────────────
📅 2026-03-01 10:38 AM IST
💬 Don't be afraid to give up the good to go for the great. – John D. Rockefeller

───────────────────────────────────────
📅 2026-03-01 07:22 PM IST
💬 You don't have to be great to start, but you have to start to be great. – Zig Ziglar

───────────────────────────────────────
📅 2026-03-02 10:34 AM IST
💬 The only way to do great work is to love what you do. – Steve Jobs

───────────────────────────────────────
📅 2026-03-02 07:43 PM IST
💬 Success is not final, failure is not fatal: it is the courage to continue that counts. – Winston Churchill

───────────────────────────────────────
📅 2026-03-03 10:33 AM IST
💬 Talk is cheap. Show me the code. – Linus Torvalds

───────────────────────────────────────
📅 2026-03-03 07:41 PM IST
💬 Work hard in silence, let your success be the noise. – Frank Ocean

───────────────────────────────────────
📅 2026-03-04 10:28 AM IST
💬 The future belongs to those who believe in the beauty of their dreams. – Eleanor Roosevelt

───────────────────────────────────────
📅 2026-03-04 07:41 PM IST
💬 The only way to do great work is to love what you do. – Steve Jobs

───────────────────────────────────────
📅 2026-03-05 10:30 AM IST
💬 Dream it. Wish it. Do it.

───────────────────────────────────────
📅 2026-03-05 07:42 PM IST
💬 First, solve the problem. Then, write the code. – John Johnson

───────────────────────────────────────
📅 2026-03-06 10:26 AM IST
💬 Your limitation—it's only your imagination.

───────────────────────────────────────
📅 2026-03-06 07:37 PM IST
💬 Believe you can and you're halfway there. – Theodore Roosevelt

───────────────────────────────────────
📅 2026-03-07 10:19 AM IST
💬 Every expert was once a beginner.

───────────────────────────────────────
📅 2026-03-07 07:25 PM IST
💬 Don't watch the clock; do what it does. Keep going. – Sam Levenson

───────────────────────────────────────
📅 2026-03-08 10:29 AM IST
💬 Simplicity is the soul of efficiency. – Austin Freeman

───────────────────────────────────────
📅 2026-03-08 07:24 PM IST
💬 Believe you can and you're halfway there. – Theodore Roosevelt

───────────────────────────────────────
📅 2026-03-09 10:38 AM IST
💬 To live a creative life, we must lose our fear of being wrong. – Joseph Chilton Pearce

───────────────────────────────────────
📅 2026-03-09 07:47 PM IST
💬 Innovation distinguishes between a leader and a follower. – Steve Jobs

───────────────────────────────────────
📅 2026-03-10 10:26 AM IST
💬 Creativity is intelligence having fun. – Albert Einstein

───────────────────────────────────────
📅 2026-03-10 07:41 PM IST
💬 Don't watch the clock; do what it does. Keep going. – Sam Levenson

───────────────────────────────────────
📅 2026-03-11 10:27 AM IST
💬 What you do today can improve all your tomorrows. – Ralph Marston

───────────────────────────────────────
📅 2026-03-11 07:44 PM IST
💬 You don't have to be great to start, but you have to start to be great. – Zig Ziglar

───────────────────────────────────────
📅 2026-03-12 10:31 AM IST
💬 What you do today can improve all your tomorrows. – Ralph Marston

───────────────────────────────────────
📅 2026-03-12 07:44 PM IST
💬 There is no substitute for hard work. – Thomas Edison

───────────────────────────────────────
📅 2026-03-13 10:30 AM IST
💬 Programming isn't about what you know; it's about what you can figure out. – Chris Pine

───────────────────────────────────────
📅 2026-03-13 07:39 PM IST
💬 Focus on being productive instead of busy. – Tim Ferriss

───────────────────────────────────────
📅 2026-03-14 10:26 AM IST
💬 First, solve the problem. Then, write the code. – John Johnson

───────────────────────────────────────
📅 2026-03-14 07:28 PM IST
💬 It always seems impossible until it's done. – Nelson Mandela

───────────────────────────────────────
📅 2026-03-15 10:48 AM IST
💬 Make it work, make it right, make it fast. – Kent Beck

───────────────────────────────────────
📅 2026-03-15 07:33 PM IST
💬 Do something today that your future self will thank you for.

───────────────────────────────────────
📅 2026-03-16 10:58 AM IST
💬 Yesterday you said tomorrow. Just do it. – Nike

───────────────────────────────────────
📅 2026-03-16 08:15 PM IST
💬 Opportunities don't happen. You create them. – Chris Grosser

───────────────────────────────────────
📅 2026-03-17 10:38 AM IST
💬 If you want to achieve greatness stop asking for permission. – Anonymous

───────────────────────────────────────
📅 2026-03-17 08:07 PM IST
💬 Push yourself, because no one else is going to do it for you.

───────────────────────────────────────
📅 2026-03-18 10:42 AM IST
💬 Software is a great combination of artistry and engineering. – Bill Gates

───────────────────────────────────────
📅 2026-03-18 08:16 PM IST
💬 I find that the harder I work, the more luck I seem to have. – Thomas Jefferson

───────────────────────────────────────
📅 2026-03-19 10:41 AM IST
💬 It's not a bug; it's an undocumented feature. – Anonymous

───────────────────────────────────────
📅 2026-03-19 07:45 PM IST
💬 Quality is not an act, it is a habit. – Aristotle

───────────────────────────────────────
📅 2026-03-20 10:32 AM IST
💬 Innovation distinguishes between a leader and a follower. – Steve Jobs

───────────────────────────────────────
📅 2026-03-20 07:39 PM IST
💬 The most disastrous thing that you can ever learn is your first programming language. – Alan Kay

───────────────────────────────────────
📅 2026-03-21 10:25 AM IST
💬 Do something today that your future self will thank you for.

───────────────────────────────────────
📅 2026-03-21 07:26 PM IST
💬 The journey of a thousand miles begins with one step. – Lao Tzu

───────────────────────────────────────
📅 2026-03-22 10:36 AM IST
💬 Programming isn't about what you know; it's about what you can figure out. – Chris Pine

───────────────────────────────────────
📅 2026-03-22 07:26 PM IST
💬 Your limitation—it's only your imagination.

───────────────────────────────────────
📅 2026-03-23 10:50 AM IST
💬 Every expert was once a beginner.

───────────────────────────────────────
📅 2026-03-23 08:10 PM IST
💬 It's not a bug; it's an undocumented feature. – Anonymous

───────────────────────────────────────
📅 2026-03-24 10:40 AM IST
💬 Yesterday you said tomorrow. Just do it. – Nike

───────────────────────────────────────
📅 2026-03-24 08:09 PM IST
💬 Success is not final, failure is not fatal: it is the courage to continue that counts. – Winston Churchill

───────────────────────────────────────
📅 2026-03-25 10:43 AM IST
💬 Believe you can and you're halfway there. – Theodore Roosevelt

───────────────────────────────────────
📅 2026-03-25 08:10 PM IST
💬 Any fool can write code that a computer can understand. Good programmers write code that humans can understand. – Martin Fowler

───────────────────────────────────────
📅 2026-03-26 10:52 AM IST
💬 Little things make big days.

───────────────────────────────────────
📅 2026-03-26 08:18 PM IST
💬 Every expert was once a beginner.

───────────────────────────────────────
📅 2026-03-27 10:52 AM IST
💬 There is no substitute for hard work. – Thomas Edison

───────────────────────────────────────
📅 2026-03-27 08:01 PM IST
💬 Simplicity is the soul of efficiency. – Austin Freeman

───────────────────────────────────────
📅 2026-03-28 10:39 AM IST
💬 Programming isn't about what you know; it's about what you can figure out. – Chris Pine

───────────────────────────────────────
📅 2026-03-28 07:34 PM IST
💬 Every expert was once a beginner.

───────────────────────────────────────
📅 2026-03-29 10:52 AM IST
💬 Little things make big days.

───────────────────────────────────────
📅 2026-03-29 07:32 PM IST
💬 Little things make big days.

───────────────────────────────────────
📅 2026-03-30 11:07 AM IST
💬 The best error message is the one that never shows up. – Thomas Fuchs

───────────────────────────────────────
📅 2026-03-30 08:17 PM IST
💬 Stay hungry, stay foolish. – Steve Jobs

───────────────────────────────────────
📅 2026-03-31 10:54 AM IST
💬 Talk is cheap. Show me the code. – Linus Torvalds

───────────────────────────────────────
📅 2026-03-31 08:16 PM IST
💬 Do something today that your future self will thank you for.

───────────────────────────────────────
📅 2026-04-01 11:06 AM IST
💬 Great things never come from comfort zones.

───────────────────────────────────────
📅 2026-04-01 08:18 PM IST
💬 The best time to plant a tree was 20 years ago. The second best time is now. – Chinese Proverb

───────────────────────────────────────
📅 2026-04-02 10:50 AM IST
💬 There is no substitute for hard work. – Thomas Edison

───────────────────────────────────────
📅 2026-04-02 08:07 PM IST
💬 Dream it. Wish it. Do it.

───────────────────────────────────────
📅 2026-04-03 10:53 AM IST
💬 I find that the harder I work, the more luck I seem to have. – Thomas Jefferson

───────────────────────────────────────
📅 2026-04-03 07:39 PM IST
💬 Don't be afraid to give up the good to go for the great. – John D. Rockefeller

───────────────────────────────────────
📅 2026-04-04 10:41 AM IST
💬 Wake up with determination. Go to bed with satisfaction.

───────────────────────────────────────
📅 2026-04-04 07:33 PM IST
💬 Programming isn't about what you know; it's about what you can figure out. – Chris Pine

───────────────────────────────────────
📅 2026-04-05 10:56 AM IST
💬 Software is a great combination of artistry and engineering. – Bill Gates

───────────────────────────────────────
📅 2026-04-05 07:35 PM IST
💬 Do something today that your future self will thank you for.

───────────────────────────────────────
📅 2026-04-06 11:08 AM IST
💬 Don't be afraid to give up the good to go for the great. – John D. Rockefeller

───────────────────────────────────────
📅 2026-04-06 07:47 PM IST
💬 Stay hungry, stay foolish. – Steve Jobs

───────────────────────────────────────
📅 2026-04-07 10:54 AM IST
💬 Yesterday you said tomorrow. Just do it. – Nike

───────────────────────────────────────
📅 2026-04-07 08:21 PM IST
💬 Innovation distinguishes between a leader and a follower. – Steve Jobs

───────────────────────────────────────
📅 2026-04-08 10:58 AM IST
💬 Focus on being productive instead of busy. – Tim Ferriss

───────────────────────────────────────
📅 2026-04-08 08:20 PM IST
💬 Perfection is achieved not when there is nothing more to add, but when there is nothing left to take away. – Antoine de Saint-Exupéry

───────────────────────────────────────
📅 2026-04-09 10:56 AM IST
💬 Believe you can and you're halfway there. – Theodore Roosevelt

───────────────────────────────────────
📅 2026-04-09 08:32 PM IST
💬 The harder you work for something, the greater you'll feel when you achieve it.

───────────────────────────────────────
📅 2026-04-10 11:07 AM IST
💬 There is no substitute for hard work. – Thomas Edison

───────────────────────────────────────
📅 2026-04-10 08:05 PM IST
💬 Stay hungry, stay foolish. – Steve Jobs

───────────────────────────────────────
📅 2026-04-11 10:43 AM IST
💬 First, solve the problem. Then, write the code. – John Johnson

───────────────────────────────────────
📅 2026-04-11 07:33 PM IST
💬 To live a creative life, we must lose our fear of being wrong. – Joseph Chilton Pearce

───────────────────────────────────────
📅 2026-04-12 11:08 AM IST
💬 It always seems impossible until it's done. – Nelson Mandela

───────────────────────────────────────
📅 2026-04-12 07:40 PM IST
💬 It always seems impossible until it's done. – Nelson Mandela

───────────────────────────────────────
📅 2026-04-13 11:31 AM IST
💬 Code is like humor. When you have to explain it, it's bad. – Cory House

───────────────────────────────────────
📅 2026-04-13 08:31 PM IST
💬 Strive not to be a success, but rather to be of value. – Albert Einstein

───────────────────────────────────────
📅 2026-04-14 11:06 AM IST
💬 Success is not final, failure is not fatal: it is the courage to continue that counts. – Winston Churchill

───────────────────────────────────────
📅 2026-04-14 08:31 PM IST
💬 If you want to achieve greatness stop asking for permission. – Anonymous

───────────────────────────────────────
📅 2026-04-15 11:06 AM IST
💬 The secret of getting ahead is getting started. – Mark Twain

───────────────────────────────────────
📅 2026-04-15 08:25 PM IST
💬 You don't have to be great to start, but you have to start to be great. – Zig Ziglar

───────────────────────────────────────
📅 2026-04-16 11:10 AM IST
💬 You don't have to be great to start, but you have to start to be great. – Zig Ziglar

───────────────────────────────────────
📅 2026-04-16 08:43 PM IST
💬 Any fool can write code that a computer can understand. Good programmers write code that humans can understand. – Martin Fowler

───────────────────────────────────────
📅 2026-04-17 11:12 AM IST
💬 What you do today can improve all your tomorrows. – Ralph Marston

───────────────────────────────────────
📅 2026-04-17 08:10 PM IST
💬 Success is not final, failure is not fatal: it is the courage to continue that counts. – Winston Churchill

───────────────────────────────────────
📅 2026-04-18 10:51 AM IST
💬 Work hard in silence, let your success be the noise. – Frank Ocean

───────────────────────────────────────
📅 2026-04-18 07:37 PM IST
💬 You don't have to be great to start, but you have to start to be great. – Zig Ziglar

───────────────────────────────────────
📅 2026-04-19 11:13 AM IST
💬 Creativity is intelligence having fun. – Albert Einstein

───────────────────────────────────────
📅 2026-04-19 07:40 PM IST
💬 Quality is not an act, it is a habit. – Aristotle

───────────────────────────────────────
📅 2026-04-20 11:34 AM IST
💬 It's going to be hard, but hard does not mean impossible.

───────────────────────────────────────
📅 2026-04-20 08:31 PM IST
💬 Great things never come from comfort zones.

───────────────────────────────────────
📅 2026-04-21 11:09 AM IST
💬 Your limitation—it's only your imagination.

───────────────────────────────────────
📅 2026-04-21 08:25 PM IST
💬 Code is like humor. When you have to explain it, it's bad. – Cory House

───────────────────────────────────────
📅 2026-04-22 11:08 AM IST
💬 Great things never come from comfort zones.

───────────────────────────────────────
📅 2026-04-22 08:25 PM IST
💬 It always seems impossible until it's done. – Nelson Mandela

───────────────────────────────────────
📅 2026-04-23 11:13 AM IST
💬 Perfection is achieved not when there is nothing more to add, but when there is nothing left to take away. – Antoine de Saint-Exupéry

───────────────────────────────────────
📅 2026-04-23 08:53 PM IST
💬 The best error message is the one that never shows up. – Thomas Fuchs

───────────────────────────────────────
📅 2026-04-24 11:26 AM IST
💬 Strive not to be a success, but rather to be of value. – Albert Einstein

───────────────────────────────────────
📅 2026-04-24 08:22 PM IST
💬 It's going to be hard, but hard does not mean impossible.

───────────────────────────────────────
📅 2026-04-25 10:56 AM IST
💬 Make it work, make it right, make it fast. – Kent Beck

───────────────────────────────────────
📅 2026-04-25 07:44 PM IST
💬 The best error message is the one that never shows up. – Thomas Fuchs

───────────────────────────────────────
📅 2026-04-26 11:27 AM IST
💬 The only way to do great work is to love what you do. – Steve Jobs

───────────────────────────────────────
📅 2026-04-26 07:44 PM IST
💬 The harder you work for something, the greater you'll feel when you achieve it.

───────────────────────────────────────
📅 2026-04-27 11:43 AM IST
💬 The journey of a thousand miles begins with one step. – Lao Tzu

───────────────────────────────────────
📅 2026-04-27 08:54 PM IST
💬 Dream it. Wish it. Do it.

───────────────────────────────────────
📅 2026-04-28 11:50 AM IST
💬 To live a creative life, we must lose our fear of being wrong. – Joseph Chilton Pearce

───────────────────────────────────────
📅 2026-04-28 09:13 PM IST
💬 The harder you work for something, the greater you'll feel when you achieve it.

───────────────────────────────────────
📅 2026-04-29 11:43 AM IST
💬 To live a creative life, we must lose our fear of being wrong. – Joseph Chilton Pearce

───────────────────────────────────────
📅 2026-04-29 09:03 PM IST
💬 Focus on being productive instead of busy. – Tim Ferriss

───────────────────────────────────────
📅 2026-04-30 11:45 AM IST
💬 If you want to achieve greatness stop asking for permission. – Anonymous

───────────────────────────────────────
📅 2026-04-30 08:54 PM IST
💬 Don't watch the clock; do what it does. Keep going. – Sam Levenson

───────────────────────────────────────
📅 2026-05-01 11:57 AM IST
💬 Innovation distinguishes between a leader and a follower. – Steve Jobs

───────────────────────────────────────
📅 2026-05-01 08:06 PM IST
💬 Innovation distinguishes between a leader and a follower. – Steve Jobs

───────────────────────────────────────
📅 2026-05-02 11:26 AM IST
💬 The future belongs to those who believe in the beauty of their dreams. – Eleanor Roosevelt

───────────────────────────────────────
📅 2026-05-02 07:47 PM IST
💬 The harder you work for something, the greater you'll feel when you achieve it.

───────────────────────────────────────
📅 2026-05-03 11:45 AM IST
💬 Believe you can and you're halfway there. – Theodore Roosevelt

───────────────────────────────────────
📅 2026-05-03 07:46 PM IST
💬 Don't watch the clock; do what it does. Keep going. – Sam Levenson

───────────────────────────────────────
📅 2026-05-04 11:57 AM IST
💬 The best time to plant a tree was 20 years ago. The second best time is now. – Chinese Proverb

───────────────────────────────────────
📅 2026-05-04 08:57 PM IST
💬 You don't have to be great to start, but you have to start to be great. – Zig Ziglar

───────────────────────────────────────
📅 2026-05-05 11:31 AM IST
💬 Strive not to be a success, but rather to be of value. – Albert Einstein

───────────────────────────────────────
📅 2026-05-06 11:47 AM IST
💬 The journey of a thousand miles begins with one step. – Lao Tzu

───────────────────────────────────────
📅 2026-05-06 09:09 PM IST
💬 The future belongs to those who believe in the beauty of their dreams. – Eleanor Roosevelt

───────────────────────────────────────
📅 2026-05-07 11:52 AM IST
💬 Success is not final, failure is not fatal: it is the courage to continue that counts. – Winston Churchill

───────────────────────────────────────
📅 2026-05-07 09:12 PM IST
💬 Creativity is intelligence having fun. – Albert Einstein

───────────────────────────────────────
📅 2026-05-08 11:12 AM IST
💬 Talk is cheap. Show me the code. – Linus Torvalds

───────────────────────────────────────
📅 2026-05-08 08:37 PM IST
💬 The best time to plant a tree was 20 years ago. The second best time is now. – Chinese Proverb

───────────────────────────────────────
📅 2026-05-09 11:34 AM IST
💬 Yesterday you said tomorrow. Just do it. – Nike

───────────────────────────────────────
📅 2026-05-09 08:04 PM IST
💬 Opportunities don't happen. You create them. – Chris Grosser

───────────────────────────────────────
📅 2026-05-10 11:54 AM IST
💬 Do something today that your future self will thank you for.

───────────────────────────────────────
📅 2026-05-10 08:05 PM IST
💬 The journey of a thousand miles begins with one step. – Lao Tzu

───────────────────────────────────────
📅 2026-05-11 12:24 PM IST
💬 It always seems impossible until it's done. – Nelson Mandela

───────────────────────────────────────
📅 2026-05-11 09:46 PM IST
💬 Stay hungry, stay foolish. – Steve Jobs

───────────────────────────────────────
📅 2026-05-12 11:57 AM IST
💬 You don't have to be great to start, but you have to start to be great. – Zig Ziglar

───────────────────────────────────────
📅 2026-05-12 09:19 PM IST
💬 Little things make big days.

───────────────────────────────────────
📅 2026-05-13 12:09 PM IST
💬 Focus on being productive instead of busy. – Tim Ferriss

───────────────────────────────────────
📅 2026-05-13 09:33 PM IST
💬 The best time to plant a tree was 20 years ago. The second best time is now. – Chinese Proverb

───────────────────────────────────────
📅 2026-05-14 12:07 PM IST
💬 You don't have to be great to start, but you have to start to be great. – Zig Ziglar

───────────────────────────────────────
📅 2026-05-14 09:11 PM IST
💬 Creativity is intelligence having fun. – Albert Einstein

───────────────────────────────────────
📅 2026-05-15 12:17 PM IST
💬 Simplicity is the soul of efficiency. – Austin Freeman

───────────────────────────────────────
📅 2026-05-15 09:02 PM IST
💬 If you want to achieve greatness stop asking for permission. – Anonymous

───────────────────────────────────────
📅 2026-05-16 11:41 AM IST
💬 Stay hungry, stay foolish. – Steve Jobs

───────────────────────────────────────
📅 2026-05-16 08:08 PM IST
💬 The best error message is the one that never shows up. – Thomas Fuchs

───────────────────────────────────────
📅 2026-05-17 12:05 PM IST
💬 Do something today that your future self will thank you for.

───────────────────────────────────────
📅 2026-05-17 08:12 PM IST
💬 Work hard in silence, let your success be the noise. – Frank Ocean

───────────────────────────────────────
📅 2026-05-18 12:38 PM IST
💬 It always seems impossible until it's done. – Nelson Mandela

───────────────────────────────────────
📅 2026-05-18 10:07 PM IST
💬 Do something today that your future self will thank you for.

───────────────────────────────────────
📅 2026-05-19 12:34 PM IST
💬 Do something today that your future self will thank you for.

───────────────────────────────────────
📅 2026-05-19 10:03 PM IST
💬 Make it work, make it right, make it fast. – Kent Beck

───────────────────────────────────────
📅 2026-05-20 12:32 PM IST
💬 First, solve the problem. Then, write the code. – John Johnson

───────────────────────────────────────
📅 2026-05-20 10:06 PM IST
💬 Make it work, make it right, make it fast. – Kent Beck

───────────────────────────────────────
📅 2026-05-21 12:34 PM IST
💬 Talk is cheap. Show me the code. – Linus Torvalds

───────────────────────────────────────
📅 2026-05-21 09:54 PM IST
💬 It's not a bug; it's an undocumented feature. – Anonymous

───────────────────────────────────────
📅 2026-05-22 12:31 PM IST
💬 Little things make big days.

───────────────────────────────────────
📅 2026-05-22 09:33 PM IST
💬 Simplicity is the soul of efficiency. – Austin Freeman

───────────────────────────────────────
📅 2026-05-23 11:56 AM IST
💬 Success usually comes to those who are too busy to be looking for it. – Henry David Thoreau

───────────────────────────────────────
📅 2026-05-23 08:18 PM IST
💬 Believe you can and you're halfway there. – Theodore Roosevelt

───────────────────────────────────────
📅 2026-05-24 12:23 PM IST
💬 Your limitation—it's only your imagination.

───────────────────────────────────────
📅 2026-05-24 08:17 PM IST
💬 The future belongs to those who believe in the beauty of their dreams. – Eleanor Roosevelt

───────────────────────────────────────
📅 2026-05-25 01:31 PM IST
💬 Every expert was once a beginner.

───────────────────────────────────────
📅 2026-05-25 09:35 PM IST
💬 Things work out best for those who make the best of how things work out. – John Wooden

───────────────────────────────────────
📅 2026-05-26 12:28 PM IST
💬 Quality is not an act, it is a habit. – Aristotle

───────────────────────────────────────
📅 2026-05-26 10:28 PM IST
💬 The secret of getting ahead is getting started. – Mark Twain
